// Jest Snapshot v1, https://goo.gl/fbAQLP

exports[`Home component renders correctly 1`] = `
<div
  className="sc-beySPh icGfZx"
>
  <div
    className="sc-ktwOfi etuNjO"
  >
    <style
      dangerouslySetInnerHTML={
        {
          "__html": ".css-rbim6q-MuiTypography-root{margin:0;font-family:"Roboto","Helvetica","Arial",sans-serif;font-weight:300;font-size:3.75rem;line-height:1.2;letter-spacing:-0.00833em;}@media (min-width:0px){.css-rbim6q-MuiTypography-root{font-size:2.5rem;}}@media (min-width:600px){.css-rbim6q-MuiTypography-root{font-size:3.75rem;}}",
        }
      }
      data-emotion="css rbim6q-MuiTypography-root"
    />
    <h2
      className="MuiTypography-root MuiTypography-h2 css-rbim6q-MuiTypography-root"
    >
      Search for books
    </h2>
    <div
      className="sc-hABBmJ iEYqiM MuiBox-root css-0"
    >
      <div
        className="sc-csKJxZ bmIDt"
      >
        <style
          dangerouslySetInnerHTML={
            {
              "__html": ".css-wb57ya-MuiFormControl-root-MuiTextField-root{display:-webkit-inline-box;display:-webkit-inline-flex;display:-ms-inline-flexbox;display:inline-flex;-webkit-flex-direction:column;-ms-flex-direction:column;flex-direction:column;position:relative;min-width:0;padding:0;margin:0;border:0;vertical-align:top;width:100%;}",
            }
          }
          data-emotion="css wb57ya-MuiFormControl-root-MuiTextField-root"
        />
        <div
          className="MuiFormControl-root MuiFormControl-fullWidth MuiTextField-root sc-eTNRI iQtlaz css-wb57ya-MuiFormControl-root-MuiTextField-root"
          onKeyDown={[Function]}
        >
          <style
            dangerouslySetInnerHTML={
              {
                "__html": "@-webkit-keyframes mui-auto-fill{from{display:block;}}@keyframes mui-auto-fill{from{display:block;}}@-webkit-keyframes mui-auto-fill-cancel{from{display:block;}}@keyframes mui-auto-fill-cancel{from{display:block;}}",
              }
            }
            data-emotion="css-global 1prfaxn"
          />
          <style
            dangerouslySetInnerHTML={
              {
                "__html": ".css-md26zr-MuiInputBase-root-MuiOutlinedInput-root{font-family:"Roboto","Helvetica","Arial",sans-serif;font-weight:400;font-size:1rem;line-height:1.4375em;letter-spacing:0.00938em;color:rgba(0, 0, 0, 0.87);box-sizing:border-box;position:relative;cursor:text;display:-webkit-inline-box;display:-webkit-inline-flex;display:-ms-inline-flexbox;display:inline-flex;-webkit-align-items:center;-webkit-box-align:center;-ms-flex-align:center;align-items:center;width:100%;position:relative;border-radius:4px;}.css-md26zr-MuiInputBase-root-MuiOutlinedInput-root.Mui-disabled{color:rgba(0, 0, 0, 0.38);cursor:default;}.css-md26zr-MuiInputBase-root-MuiOutlinedInput-root:hover .MuiOutlinedInput-notchedOutline{border-color:rgba(0, 0, 0, 0.87);}@media (hover: none){.css-md26zr-MuiInputBase-root-MuiOutlinedInput-root:hover .MuiOutlinedInput-notchedOutline{border-color:rgba(0, 0, 0, 0.23);}}.css-md26zr-MuiInputBase-root-MuiOutlinedInput-root.Mui-focused .MuiOutlinedInput-notchedOutline{border-color:#1976d2;border-width:2px;}.css-md26zr-MuiInputBase-root-MuiOutlinedInput-root.Mui-error .MuiOutlinedInput-notchedOutline{border-color:#d32f2f;}.css-md26zr-MuiInputBase-root-MuiOutlinedInput-root.Mui-disabled .MuiOutlinedInput-notchedOutline{border-color:rgba(0, 0, 0, 0.26);}",
              }
            }
            data-emotion="css md26zr-MuiInputBase-root-MuiOutlinedInput-root"
          />
          <div
            className="MuiInputBase-root MuiOutlinedInput-root MuiInputBase-colorPrimary MuiInputBase-fullWidth MuiInputBase-formControl MuiInputBase-sizeSmall css-md26zr-MuiInputBase-root-MuiOutlinedInput-root"
            onClick={[Function]}
          >
            <style
              dangerouslySetInnerHTML={
                {
                  "__html": ".css-1n4twyu-MuiInputBase-input-MuiOutlinedInput-input{font:inherit;letter-spacing:inherit;color:currentColor;padding:4px 0 5px;border:0;box-sizing:content-box;background:none;height:1.4375em;margin:0;-webkit-tap-highlight-color:transparent;display:block;min-width:0;width:100%;-webkit-animation-name:mui-auto-fill-cancel;animation-name:mui-auto-fill-cancel;-webkit-animation-duration:10ms;animation-duration:10ms;padding-top:1px;padding:8.5px 14px;}.css-1n4twyu-MuiInputBase-input-MuiOutlinedInput-input::-webkit-input-placeholder{color:currentColor;opacity:0.42;-webkit-transition:opacity 200ms cubic-bezier(0.4, 0, 0.2, 1) 0ms;transition:opacity 200ms cubic-bezier(0.4, 0, 0.2, 1) 0ms;}.css-1n4twyu-MuiInputBase-input-MuiOutlinedInput-input::-moz-placeholder{color:currentColor;opacity:0.42;-webkit-transition:opacity 200ms cubic-bezier(0.4, 0, 0.2, 1) 0ms;transition:opacity 200ms cubic-bezier(0.4, 0, 0.2, 1) 0ms;}.css-1n4twyu-MuiInputBase-input-MuiOutlinedInput-input:-ms-input-placeholder{color:currentColor;opacity:0.42;-webkit-transition:opacity 200ms cubic-bezier(0.4, 0, 0.2, 1) 0ms;transition:opacity 200ms cubic-bezier(0.4, 0, 0.2, 1) 0ms;}.css-1n4twyu-MuiInputBase-input-MuiOutlinedInput-input::-ms-input-placeholder{color:currentColor;opacity:0.42;-webkit-transition:opacity 200ms cubic-bezier(0.4, 0, 0.2, 1) 0ms;transition:opacity 200ms cubic-bezier(0.4, 0, 0.2, 1) 0ms;}.css-1n4twyu-MuiInputBase-input-MuiOutlinedInput-input:focus{outline:0;}.css-1n4twyu-MuiInputBase-input-MuiOutlinedInput-input:invalid{box-shadow:none;}.css-1n4twyu-MuiInputBase-input-MuiOutlinedInput-input::-webkit-search-decoration{-webkit-appearance:none;}label[data-shrink=false]+.MuiInputBase-formControl .css-1n4twyu-MuiInputBase-input-MuiOutlinedInput-input::-webkit-input-placeholder{opacity:0!important;}label[data-shrink=false]+.MuiInputBase-formControl .css-1n4twyu-MuiInputBase-input-MuiOutlinedInput-input::-moz-placeholder{opacity:0!important;}label[data-shrink=false]+.MuiInputBase-formControl .css-1n4twyu-MuiInputBase-input-MuiOutlinedInput-input:-ms-input-placeholder{opacity:0!important;}label[data-shrink=false]+.MuiInputBase-formControl .css-1n4twyu-MuiInputBase-input-MuiOutlinedInput-input::-ms-input-placeholder{opacity:0!important;}label[data-shrink=false]+.MuiInputBase-formControl .css-1n4twyu-MuiInputBase-input-MuiOutlinedInput-input:focus::-webkit-input-placeholder{opacity:0.42;}label[data-shrink=false]+.MuiInputBase-formControl .css-1n4twyu-MuiInputBase-input-MuiOutlinedInput-input:focus::-moz-placeholder{opacity:0.42;}label[data-shrink=false]+.MuiInputBase-formControl .css-1n4twyu-MuiInputBase-input-MuiOutlinedInput-input:focus:-ms-input-placeholder{opacity:0.42;}label[data-shrink=false]+.MuiInputBase-formControl .css-1n4twyu-MuiInputBase-input-MuiOutlinedInput-input:focus::-ms-input-placeholder{opacity:0.42;}.css-1n4twyu-MuiInputBase-input-MuiOutlinedInput-input.Mui-disabled{opacity:1;-webkit-text-fill-color:rgba(0, 0, 0, 0.38);}.css-1n4twyu-MuiInputBase-input-MuiOutlinedInput-input:-webkit-autofill{-webkit-animation-duration:5000s;animation-duration:5000s;-webkit-animation-name:mui-auto-fill;animation-name:mui-auto-fill;}.css-1n4twyu-MuiInputBase-input-MuiOutlinedInput-input:-webkit-autofill{border-radius:inherit;}",
                }
              }
              data-emotion="css 1n4twyu-MuiInputBase-input-MuiOutlinedInput-input"
            />
            <input
              aria-invalid={false}
              autoFocus={false}
              className="MuiInputBase-input MuiOutlinedInput-input MuiInputBase-inputSizeSmall css-1n4twyu-MuiInputBase-input-MuiOutlinedInput-input"
              disabled={false}
              id=":r0:"
              onAnimationStart={[Function]}
              onBlur={[Function]}
              onChange={[Function]}
              onFocus={[Function]}
              placeholder="Enter the book name..."
              required={false}
              type="text"
            />
            <style
              dangerouslySetInnerHTML={
                {
                  "__html": ".css-rki20w-MuiOutlinedInput-notchedOutline{border-color:rgba(0, 0, 0, 0.23);}",
                }
              }
              data-emotion="css rki20w-MuiOutlinedInput-notchedOutline"
            />
            <style
              dangerouslySetInnerHTML={
                {
                  "__html": ".css-1d3z3hw-MuiOutlinedInput-notchedOutline{text-align:left;position:absolute;bottom:0;right:0;top:-5px;left:0;margin:0;padding:0 8px;pointer-events:none;border-radius:inherit;border-style:solid;border-width:1px;overflow:hidden;min-width:0%;border-color:rgba(0, 0, 0, 0.23);}",
                }
              }
              data-emotion="css 1d3z3hw-MuiOutlinedInput-notchedOutline"
            />
            <fieldset
              aria-hidden={true}
              className="MuiOutlinedInput-notchedOutline css-1d3z3hw-MuiOutlinedInput-notchedOutline"
            >
              <style
                dangerouslySetInnerHTML={
                  {
                    "__html": ".css-ihdtdm{float:unset;width:auto;overflow:hidden;padding:0;line-height:11px;-webkit-transition:width 150ms cubic-bezier(0.0, 0, 0.2, 1) 0ms;transition:width 150ms cubic-bezier(0.0, 0, 0.2, 1) 0ms;}",
                  }
                }
                data-emotion="css ihdtdm"
              />
              <legend
                className="css-ihdtdm"
              >
                <span
                  className="notranslate"
                >
                  â€‹
                </span>
              </legend>
            </fieldset>
          </div>
        </div>
        <style
          dangerouslySetInnerHTML={
            {
              "__html": ".css-12aq981-MuiButton-root{font-family:"Roboto","Helvetica","Arial",sans-serif;font-weight:500;font-size:0.875rem;line-height:1.75;letter-spacing:0.02857em;text-transform:uppercase;min-width:64px;padding:6px 16px;border-radius:4px;-webkit-transition:background-color 250ms cubic-bezier(0.4, 0, 0.2, 1) 0ms,box-shadow 250ms cubic-bezier(0.4, 0, 0.2, 1) 0ms,border-color 250ms cubic-bezier(0.4, 0, 0.2, 1) 0ms,color 250ms cubic-bezier(0.4, 0, 0.2, 1) 0ms;transition:background-color 250ms cubic-bezier(0.4, 0, 0.2, 1) 0ms,box-shadow 250ms cubic-bezier(0.4, 0, 0.2, 1) 0ms,border-color 250ms cubic-bezier(0.4, 0, 0.2, 1) 0ms,color 250ms cubic-bezier(0.4, 0, 0.2, 1) 0ms;color:#fff;background-color:#1976d2;box-shadow:0px 3px 1px -2px rgba(0,0,0,0.2),0px 2px 2px 0px rgba(0,0,0,0.14),0px 1px 5px 0px rgba(0,0,0,0.12);background-color:rgba(0, 0, 0);}.css-12aq981-MuiButton-root:hover{-webkit-text-decoration:none;text-decoration:none;background-color:#1565c0;box-shadow:0px 2px 4px -1px rgba(0,0,0,0.2),0px 4px 5px 0px rgba(0,0,0,0.14),0px 1px 10px 0px rgba(0,0,0,0.12);}@media (hover: none){.css-12aq981-MuiButton-root:hover{background-color:#1976d2;}}.css-12aq981-MuiButton-root:active{box-shadow:0px 5px 5px -3px rgba(0,0,0,0.2),0px 8px 10px 1px rgba(0,0,0,0.14),0px 3px 14px 2px rgba(0,0,0,0.12);}.css-12aq981-MuiButton-root.Mui-focusVisible{box-shadow:0px 3px 5px -1px rgba(0,0,0,0.2),0px 6px 10px 0px rgba(0,0,0,0.14),0px 1px 18px 0px rgba(0,0,0,0.12);}.css-12aq981-MuiButton-root.Mui-disabled{color:rgba(0, 0, 0, 0.26);box-shadow:none;background-color:rgba(0, 0, 0, 0.12);}",
            }
          }
          data-emotion="css 12aq981-MuiButton-root"
        />
        <style
          dangerouslySetInnerHTML={
            {
              "__html": ".css-yewm8n-MuiButtonBase-root-MuiButton-root{display:-webkit-inline-box;display:-webkit-inline-flex;display:-ms-inline-flexbox;display:inline-flex;-webkit-align-items:center;-webkit-box-align:center;-ms-flex-align:center;align-items:center;-webkit-box-pack:center;-ms-flex-pack:center;-webkit-justify-content:center;justify-content:center;position:relative;box-sizing:border-box;-webkit-tap-highlight-color:transparent;background-color:transparent;outline:0;border:0;margin:0;border-radius:0;padding:0;cursor:pointer;-webkit-user-select:none;-moz-user-select:none;-ms-user-select:none;user-select:none;vertical-align:middle;-moz-appearance:none;-webkit-appearance:none;-webkit-text-decoration:none;text-decoration:none;color:inherit;font-family:"Roboto","Helvetica","Arial",sans-serif;font-weight:500;font-size:0.875rem;line-height:1.75;letter-spacing:0.02857em;text-transform:uppercase;min-width:64px;padding:6px 16px;border-radius:4px;-webkit-transition:background-color 250ms cubic-bezier(0.4, 0, 0.2, 1) 0ms,box-shadow 250ms cubic-bezier(0.4, 0, 0.2, 1) 0ms,border-color 250ms cubic-bezier(0.4, 0, 0.2, 1) 0ms,color 250ms cubic-bezier(0.4, 0, 0.2, 1) 0ms;transition:background-color 250ms cubic-bezier(0.4, 0, 0.2, 1) 0ms,box-shadow 250ms cubic-bezier(0.4, 0, 0.2, 1) 0ms,border-color 250ms cubic-bezier(0.4, 0, 0.2, 1) 0ms,color 250ms cubic-bezier(0.4, 0, 0.2, 1) 0ms;color:#fff;background-color:#1976d2;box-shadow:0px 3px 1px -2px rgba(0,0,0,0.2),0px 2px 2px 0px rgba(0,0,0,0.14),0px 1px 5px 0px rgba(0,0,0,0.12);background-color:rgba(0, 0, 0);}.css-yewm8n-MuiButtonBase-root-MuiButton-root::-moz-focus-inner{border-style:none;}.css-yewm8n-MuiButtonBase-root-MuiButton-root.Mui-disabled{pointer-events:none;cursor:default;}@media print{.css-yewm8n-MuiButtonBase-root-MuiButton-root{-webkit-print-color-adjust:exact;color-adjust:exact;}}.css-yewm8n-MuiButtonBase-root-MuiButton-root:hover{-webkit-text-decoration:none;text-decoration:none;background-color:#1565c0;box-shadow:0px 2px 4px -1px rgba(0,0,0,0.2),0px 4px 5px 0px rgba(0,0,0,0.14),0px 1px 10px 0px rgba(0,0,0,0.12);}@media (hover: none){.css-yewm8n-MuiButtonBase-root-MuiButton-root:hover{background-color:#1976d2;}}.css-yewm8n-MuiButtonBase-root-MuiButton-root:active{box-shadow:0px 5px 5px -3px rgba(0,0,0,0.2),0px 8px 10px 1px rgba(0,0,0,0.14),0px 3px 14px 2px rgba(0,0,0,0.12);}.css-yewm8n-MuiButtonBase-root-MuiButton-root.Mui-focusVisible{box-shadow:0px 3px 5px -1px rgba(0,0,0,0.2),0px 6px 10px 0px rgba(0,0,0,0.14),0px 1px 18px 0px rgba(0,0,0,0.12);}.css-yewm8n-MuiButtonBase-root-MuiButton-root.Mui-disabled{color:rgba(0, 0, 0, 0.26);box-shadow:none;background-color:rgba(0, 0, 0, 0.12);}",
            }
          }
          data-emotion="css yewm8n-MuiButtonBase-root-MuiButton-root"
        />
        <button
          className="MuiButtonBase-root MuiButton-root MuiButton-contained MuiButton-containedPrimary MuiButton-sizeMedium MuiButton-containedSizeMedium MuiButton-root MuiButton-contained MuiButton-containedPrimary MuiButton-sizeMedium MuiButton-containedSizeMedium sc-brSamD NkWXk css-yewm8n-MuiButtonBase-root-MuiButton-root"
          disabled={false}
          onBlur={[Function]}
          onClick={[Function]}
          onContextMenu={[Function]}
          onDragLeave={[Function]}
          onFocus={[Function]}
          onKeyDown={[Function]}
          onKeyUp={[Function]}
          onMouseDown={[Function]}
          onMouseLeave={[Function]}
          onMouseUp={[Function]}
          onTouchEnd={[Function]}
          onTouchMove={[Function]}
          onTouchStart={[Function]}
          tabIndex={0}
          type="button"
        >
          Search
        </button>
      </div>
      <div
        className="sc-irLvIq ehlaRc"
      >
        <div
          className="sc-kFCroH cfnkau"
        >
          <style
            dangerouslySetInnerHTML={
              {
                "__html": ".css-1o2i2j5-MuiInputLabel-root{display:block;transform-origin:top left;white-space:nowrap;overflow:hidden;text-overflow:ellipsis;max-width:100%;-webkit-transition:color 200ms cubic-bezier(0.0, 0, 0.2, 1) 0ms,-webkit-transform 200ms cubic-bezier(0.0, 0, 0.2, 1) 0ms,max-width 200ms cubic-bezier(0.0, 0, 0.2, 1) 0ms;transition:color 200ms cubic-bezier(0.0, 0, 0.2, 1) 0ms,transform 200ms cubic-bezier(0.0, 0, 0.2, 1) 0ms,max-width 200ms cubic-bezier(0.0, 0, 0.2, 1) 0ms;color:rgba(0, 0, 0);}",
              }
            }
            data-emotion="css 1o2i2j5-MuiInputLabel-root"
          />
          <style
            dangerouslySetInnerHTML={
              {
                "__html": ".css-awefec-MuiFormLabel-root-MuiInputLabel-root{color:rgba(0, 0, 0, 0.6);font-family:"Roboto","Helvetica","Arial",sans-serif;font-weight:400;font-size:1rem;line-height:1.4375em;letter-spacing:0.00938em;padding:0;position:relative;display:block;transform-origin:top left;white-space:nowrap;overflow:hidden;text-overflow:ellipsis;max-width:100%;-webkit-transition:color 200ms cubic-bezier(0.0, 0, 0.2, 1) 0ms,-webkit-transform 200ms cubic-bezier(0.0, 0, 0.2, 1) 0ms,max-width 200ms cubic-bezier(0.0, 0, 0.2, 1) 0ms;transition:color 200ms cubic-bezier(0.0, 0, 0.2, 1) 0ms,transform 200ms cubic-bezier(0.0, 0, 0.2, 1) 0ms,max-width 200ms cubic-bezier(0.0, 0, 0.2, 1) 0ms;color:rgba(0, 0, 0);}.css-awefec-MuiFormLabel-root-MuiInputLabel-root.Mui-focused{color:#1976d2;}.css-awefec-MuiFormLabel-root-MuiInputLabel-root.Mui-disabled{color:rgba(0, 0, 0, 0.38);}.css-awefec-MuiFormLabel-root-MuiInputLabel-root.Mui-error{color:#d32f2f;}",
              }
            }
            data-emotion="css awefec-MuiFormLabel-root-MuiInputLabel-root"
          />
          <label
            className="MuiFormLabel-root MuiInputLabel-root MuiInputLabel-animated MuiFormLabel-colorPrimary MuiInputLabel-root MuiInputLabel-animated css-awefec-MuiFormLabel-root-MuiInputLabel-root"
            id="Category-select-label}"
          >
            Category
          </label>
          <style
            dangerouslySetInnerHTML={
              {
                "__html": "@-webkit-keyframes mui-auto-fill{from{display:block;}}@keyframes mui-auto-fill{from{display:block;}}@-webkit-keyframes mui-auto-fill-cancel{from{display:block;}}@keyframes mui-auto-fill-cancel{from{display:block;}}",
              }
            }
            data-emotion="css-global 1prfaxn"
          />
          <style
            dangerouslySetInnerHTML={
              {
                "__html": ".css-1yk1gt9-MuiInputBase-root-MuiOutlinedInput-root-MuiSelect-root{font-family:"Roboto","Helvetica","Arial",sans-serif;font-weight:400;font-size:1rem;line-height:1.4375em;letter-spacing:0.00938em;color:rgba(0, 0, 0, 0.87);box-sizing:border-box;position:relative;cursor:text;display:-webkit-inline-box;display:-webkit-inline-flex;display:-ms-inline-flexbox;display:inline-flex;-webkit-align-items:center;-webkit-box-align:center;-ms-flex-align:center;align-items:center;position:relative;border-radius:4px;}.css-1yk1gt9-MuiInputBase-root-MuiOutlinedInput-root-MuiSelect-root.Mui-disabled{color:rgba(0, 0, 0, 0.38);cursor:default;}.css-1yk1gt9-MuiInputBase-root-MuiOutlinedInput-root-MuiSelect-root:hover .MuiOutlinedInput-notchedOutline{border-color:rgba(0, 0, 0, 0.87);}@media (hover: none){.css-1yk1gt9-MuiInputBase-root-MuiOutlinedInput-root-MuiSelect-root:hover .MuiOutlinedInput-notchedOutline{border-color:rgba(0, 0, 0, 0.23);}}.css-1yk1gt9-MuiInputBase-root-MuiOutlinedInput-root-MuiSelect-root.Mui-focused .MuiOutlinedInput-notchedOutline{border-color:#1976d2;border-width:2px;}.css-1yk1gt9-MuiInputBase-root-MuiOutlinedInput-root-MuiSelect-root.Mui-error .MuiOutlinedInput-notchedOutline{border-color:#d32f2f;}.css-1yk1gt9-MuiInputBase-root-MuiOutlinedInput-root-MuiSelect-root.Mui-disabled .MuiOutlinedInput-notchedOutline{border-color:rgba(0, 0, 0, 0.26);}",
              }
            }
            data-emotion="css 1yk1gt9-MuiInputBase-root-MuiOutlinedInput-root-MuiSelect-root"
          />
          <div
            className="MuiInputBase-root MuiOutlinedInput-root MuiInputBase-colorPrimary sc-jsEeTM fjfOcF css-1yk1gt9-MuiInputBase-root-MuiOutlinedInput-root-MuiSelect-root"
            onClick={[Function]}
          >
            <style
              dangerouslySetInnerHTML={
                {
                  "__html": ".css-1t8l2tu-MuiInputBase-input-MuiOutlinedInput-input{font:inherit;letter-spacing:inherit;color:currentColor;padding:4px 0 5px;border:0;box-sizing:content-box;background:none;height:1.4375em;margin:0;-webkit-tap-highlight-color:transparent;display:block;min-width:0;width:100%;-webkit-animation-name:mui-auto-fill-cancel;animation-name:mui-auto-fill-cancel;-webkit-animation-duration:10ms;animation-duration:10ms;padding:16.5px 14px;}.css-1t8l2tu-MuiInputBase-input-MuiOutlinedInput-input::-webkit-input-placeholder{color:currentColor;opacity:0.42;-webkit-transition:opacity 200ms cubic-bezier(0.4, 0, 0.2, 1) 0ms;transition:opacity 200ms cubic-bezier(0.4, 0, 0.2, 1) 0ms;}.css-1t8l2tu-MuiInputBase-input-MuiOutlinedInput-input::-moz-placeholder{color:currentColor;opacity:0.42;-webkit-transition:opacity 200ms cubic-bezier(0.4, 0, 0.2, 1) 0ms;transition:opacity 200ms cubic-bezier(0.4, 0, 0.2, 1) 0ms;}.css-1t8l2tu-MuiInputBase-input-MuiOutlinedInput-input:-ms-input-placeholder{color:currentColor;opacity:0.42;-webkit-transition:opacity 200ms cubic-bezier(0.4, 0, 0.2, 1) 0ms;transition:opacity 200ms cubic-bezier(0.4, 0, 0.2, 1) 0ms;}.css-1t8l2tu-MuiInputBase-input-MuiOutlinedInput-input::-ms-input-placeholder{color:currentColor;opacity:0.42;-webkit-transition:opacity 200ms cubic-bezier(0.4, 0, 0.2, 1) 0ms;transition:opacity 200ms cubic-bezier(0.4, 0, 0.2, 1) 0ms;}.css-1t8l2tu-MuiInputBase-input-MuiOutlinedInput-input:focus{outline:0;}.css-1t8l2tu-MuiInputBase-input-MuiOutlinedInput-input:invalid{box-shadow:none;}.css-1t8l2tu-MuiInputBase-input-MuiOutlinedInput-input::-webkit-search-decoration{-webkit-appearance:none;}label[data-shrink=false]+.MuiInputBase-formControl .css-1t8l2tu-MuiInputBase-input-MuiOutlinedInput-input::-webkit-input-placeholder{opacity:0!important;}label[data-shrink=false]+.MuiInputBase-formControl .css-1t8l2tu-MuiInputBase-input-MuiOutlinedInput-input::-moz-placeholder{opacity:0!important;}label[data-shrink=false]+.MuiInputBase-formControl .css-1t8l2tu-MuiInputBase-input-MuiOutlinedInput-input:-ms-input-placeholder{opacity:0!important;}label[data-shrink=false]+.MuiInputBase-formControl .css-1t8l2tu-MuiInputBase-input-MuiOutlinedInput-input::-ms-input-placeholder{opacity:0!important;}label[data-shrink=false]+.MuiInputBase-formControl .css-1t8l2tu-MuiInputBase-input-MuiOutlinedInput-input:focus::-webkit-input-placeholder{opacity:0.42;}label[data-shrink=false]+.MuiInputBase-formControl .css-1t8l2tu-MuiInputBase-input-MuiOutlinedInput-input:focus::-moz-placeholder{opacity:0.42;}label[data-shrink=false]+.MuiInputBase-formControl .css-1t8l2tu-MuiInputBase-input-MuiOutlinedInput-input:focus:-ms-input-placeholder{opacity:0.42;}label[data-shrink=false]+.MuiInputBase-formControl .css-1t8l2tu-MuiInputBase-input-MuiOutlinedInput-input:focus::-ms-input-placeholder{opacity:0.42;}.css-1t8l2tu-MuiInputBase-input-MuiOutlinedInput-input.Mui-disabled{opacity:1;-webkit-text-fill-color:rgba(0, 0, 0, 0.38);}.css-1t8l2tu-MuiInputBase-input-MuiOutlinedInput-input:-webkit-autofill{-webkit-animation-duration:5000s;animation-duration:5000s;-webkit-animation-name:mui-auto-fill;animation-name:mui-auto-fill;}.css-1t8l2tu-MuiInputBase-input-MuiOutlinedInput-input:-webkit-autofill{border-radius:inherit;}",
                }
              }
              data-emotion="css 1t8l2tu-MuiInputBase-input-MuiOutlinedInput-input"
            />
            <style
              dangerouslySetInnerHTML={
                {
                  "__html": ".css-11u53oe-MuiSelect-select-MuiInputBase-input-MuiOutlinedInput-input{-moz-appearance:none;-webkit-appearance:none;-webkit-user-select:none;-moz-user-select:none;-ms-user-select:none;user-select:none;border-radius:4px;cursor:pointer;font:inherit;letter-spacing:inherit;color:currentColor;padding:4px 0 5px;border:0;box-sizing:content-box;background:none;height:1.4375em;margin:0;-webkit-tap-highlight-color:transparent;display:block;min-width:0;width:100%;-webkit-animation-name:mui-auto-fill-cancel;animation-name:mui-auto-fill-cancel;-webkit-animation-duration:10ms;animation-duration:10ms;padding:16.5px 14px;}.css-11u53oe-MuiSelect-select-MuiInputBase-input-MuiOutlinedInput-input:focus{border-radius:4px;}.css-11u53oe-MuiSelect-select-MuiInputBase-input-MuiOutlinedInput-input::-ms-expand{display:none;}.css-11u53oe-MuiSelect-select-MuiInputBase-input-MuiOutlinedInput-input.Mui-disabled{cursor:default;}.css-11u53oe-MuiSelect-select-MuiInputBase-input-MuiOutlinedInput-input[multiple]{height:auto;}.css-11u53oe-MuiSelect-select-MuiInputBase-input-MuiOutlinedInput-input:not([multiple]) option,.css-11u53oe-MuiSelect-select-MuiInputBase-input-MuiOutlinedInput-input:not([multiple]) optgroup{background-color:#fff;}.css-11u53oe-MuiSelect-select-MuiInputBase-input-MuiOutlinedInput-input.css-11u53oe-MuiSelect-select-MuiInputBase-input-MuiOutlinedInput-input.css-11u53oe-MuiSelect-select-MuiInputBase-input-MuiOutlinedInput-input{padding-right:32px;}.css-11u53oe-MuiSelect-select-MuiInputBase-input-MuiOutlinedInput-input.MuiSelect-select{height:auto;min-height:1.4375em;text-overflow:ellipsis;white-space:nowrap;overflow:hidden;}.css-11u53oe-MuiSelect-select-MuiInputBase-input-MuiOutlinedInput-input::-webkit-input-placeholder{color:currentColor;opacity:0.42;-webkit-transition:opacity 200ms cubic-bezier(0.4, 0, 0.2, 1) 0ms;transition:opacity 200ms cubic-bezier(0.4, 0, 0.2, 1) 0ms;}.css-11u53oe-MuiSelect-select-MuiInputBase-input-MuiOutlinedInput-input::-moz-placeholder{color:currentColor;opacity:0.42;-webkit-transition:opacity 200ms cubic-bezier(0.4, 0, 0.2, 1) 0ms;transition:opacity 200ms cubic-bezier(0.4, 0, 0.2, 1) 0ms;}.css-11u53oe-MuiSelect-select-MuiInputBase-input-MuiOutlinedInput-input:-ms-input-placeholder{color:currentColor;opacity:0.42;-webkit-transition:opacity 200ms cubic-bezier(0.4, 0, 0.2, 1) 0ms;transition:opacity 200ms cubic-bezier(0.4, 0, 0.2, 1) 0ms;}.css-11u53oe-MuiSelect-select-MuiInputBase-input-MuiOutlinedInput-input::-ms-input-placeholder{color:currentColor;opacity:0.42;-webkit-transition:opacity 200ms cubic-bezier(0.4, 0, 0.2, 1) 0ms;transition:opacity 200ms cubic-bezier(0.4, 0, 0.2, 1) 0ms;}.css-11u53oe-MuiSelect-select-MuiInputBase-input-MuiOutlinedInput-input:focus{outline:0;}.css-11u53oe-MuiSelect-select-MuiInputBase-input-MuiOutlinedInput-input:invalid{box-shadow:none;}.css-11u53oe-MuiSelect-select-MuiInputBase-input-MuiOutlinedInput-input::-webkit-search-decoration{-webkit-appearance:none;}label[data-shrink=false]+.MuiInputBase-formControl .css-11u53oe-MuiSelect-select-MuiInputBase-input-MuiOutlinedInput-input::-webkit-input-placeholder{opacity:0!important;}label[data-shrink=false]+.MuiInputBase-formControl .css-11u53oe-MuiSelect-select-MuiInputBase-input-MuiOutlinedInput-input::-moz-placeholder{opacity:0!important;}label[data-shrink=false]+.MuiInputBase-formControl .css-11u53oe-MuiSelect-select-MuiInputBase-input-MuiOutlinedInput-input:-ms-input-placeholder{opacity:0!important;}label[data-shrink=false]+.MuiInputBase-formControl .css-11u53oe-MuiSelect-select-MuiInputBase-input-MuiOutlinedInput-input::-ms-input-placeholder{opacity:0!important;}label[data-shrink=false]+.MuiInputBase-formControl .css-11u53oe-MuiSelect-select-MuiInputBase-input-MuiOutlinedInput-input:focus::-webkit-input-placeholder{opacity:0.42;}label[data-shrink=false]+.MuiInputBase-formControl .css-11u53oe-MuiSelect-select-MuiInputBase-input-MuiOutlinedInput-input:focus::-moz-placeholder{opacity:0.42;}label[data-shrink=false]+.MuiInputBase-formControl .css-11u53oe-MuiSelect-select-MuiInputBase-input-MuiOutlinedInput-input:focus:-ms-input-placeholder{opacity:0.42;}label[data-shrink=false]+.MuiInputBase-formControl .css-11u53oe-MuiSelect-select-MuiInputBase-input-MuiOutlinedInput-input:focus::-ms-input-placeholder{opacity:0.42;}.css-11u53oe-MuiSelect-select-MuiInputBase-input-MuiOutlinedInput-input.Mui-disabled{opacity:1;-webkit-text-fill-color:rgba(0, 0, 0, 0.38);}.css-11u53oe-MuiSelect-select-MuiInputBase-input-MuiOutlinedInput-input:-webkit-autofill{-webkit-animation-duration:5000s;animation-duration:5000s;-webkit-animation-name:mui-auto-fill;animation-name:mui-auto-fill;}.css-11u53oe-MuiSelect-select-MuiInputBase-input-MuiOutlinedInput-input:-webkit-autofill{border-radius:inherit;}",
                }
              }
              data-emotion="css 11u53oe-MuiSelect-select-MuiInputBase-input-MuiOutlinedInput-input"
            />
            <div
              aria-controls=":r1:"
              aria-expanded="false"
              aria-haspopup="listbox"
              aria-labelledby="Category-select-label Category-select"
              className="MuiSelect-select MuiSelect-outlined MuiInputBase-input MuiOutlinedInput-input css-11u53oe-MuiSelect-select-MuiInputBase-input-MuiOutlinedInput-input"
              id="Category-select"
              onBlur={[Function]}
              onFocus={[Function]}
              onKeyDown={[Function]}
              onMouseDown={[Function]}
              role="combobox"
              tabIndex={0}
            >
              All
            </div>
            <style
              dangerouslySetInnerHTML={
                {
                  "__html": ".css-yf8vq0-MuiSelect-nativeInput{bottom:0;left:0;position:absolute;opacity:0;pointer-events:none;width:100%;box-sizing:border-box;}",
                }
              }
              data-emotion="css yf8vq0-MuiSelect-nativeInput"
            />
            <input
              aria-hidden={true}
              aria-invalid={false}
              className="MuiSelect-nativeInput css-yf8vq0-MuiSelect-nativeInput"
              onAnimationStart={[Function]}
              onChange={[Function]}
              tabIndex={-1}
              value="all"
            />
            <style
              dangerouslySetInnerHTML={
                {
                  "__html": ".css-3qbkez-MuiSelect-icon{position:absolute;right:7px;top:calc(50% - .5em);pointer-events:none;color:rgba(0, 0, 0, 0.54);}.css-3qbkez-MuiSelect-icon.Mui-disabled{color:rgba(0, 0, 0, 0.26);}",
                }
              }
              data-emotion="css 3qbkez-MuiSelect-icon"
            />
            <style
              dangerouslySetInnerHTML={
                {
                  "__html": ".css-hfutr2-MuiSvgIcon-root-MuiSelect-icon{-webkit-user-select:none;-moz-user-select:none;-ms-user-select:none;user-select:none;width:1em;height:1em;display:inline-block;fill:currentColor;-webkit-flex-shrink:0;-ms-flex-negative:0;flex-shrink:0;-webkit-transition:fill 200ms cubic-bezier(0.4, 0, 0.2, 1) 0ms;transition:fill 200ms cubic-bezier(0.4, 0, 0.2, 1) 0ms;font-size:1.5rem;position:absolute;right:7px;top:calc(50% - .5em);pointer-events:none;color:rgba(0, 0, 0, 0.54);}.css-hfutr2-MuiSvgIcon-root-MuiSelect-icon.Mui-disabled{color:rgba(0, 0, 0, 0.26);}",
                }
              }
              data-emotion="css hfutr2-MuiSvgIcon-root-MuiSelect-icon"
            />
            <svg
              aria-hidden={true}
              className="MuiSvgIcon-root MuiSvgIcon-fontSizeMedium MuiSelect-icon MuiSelect-iconOutlined css-hfutr2-MuiSvgIcon-root-MuiSelect-icon"
              data-testid="ArrowDropDownIcon"
              focusable="false"
              viewBox="0 0 24 24"
            >
              <path
                d="M7 10l5 5 5-5z"
              />
            </svg>
            <fieldset
              aria-hidden={true}
              className="MuiOutlinedInput-notchedOutline css-1d3z3hw-MuiOutlinedInput-notchedOutline"
            >
              <legend
                className="css-ihdtdm"
              >
                <span
                  className="notranslate"
                >
                  â€‹
                </span>
              </legend>
            </fieldset>
          </div>
        </div>
        <div
          className="sc-kFCroH cfnkau"
        >
          <label
            className="MuiFormLabel-root MuiInputLabel-root MuiInputLabel-animated MuiFormLabel-colorPrimary MuiInputLabel-root MuiInputLabel-animated css-awefec-MuiFormLabel-root-MuiInputLabel-root"
            id="Sorting-select-label}"
          >
            Sorting
          </label>
          <style
            dangerouslySetInnerHTML={
              {
                "__html": "@-webkit-keyframes mui-auto-fill{from{display:block;}}@keyframes mui-auto-fill{from{display:block;}}@-webkit-keyframes mui-auto-fill-cancel{from{display:block;}}@keyframes mui-auto-fill-cancel{from{display:block;}}",
              }
            }
            data-emotion="css-global 1prfaxn"
          />
          <div
            className="MuiInputBase-root MuiOutlinedInput-root MuiInputBase-colorPrimary sc-jsEeTM fjfOcF css-1yk1gt9-MuiInputBase-root-MuiOutlinedInput-root-MuiSelect-root"
            onClick={[Function]}
          >
            <div
              aria-controls=":r2:"
              aria-expanded="false"
              aria-haspopup="listbox"
              aria-labelledby="Sorting-select-label Sorting-select"
              className="MuiSelect-select MuiSelect-outlined MuiInputBase-input MuiOutlinedInput-input css-11u53oe-MuiSelect-select-MuiInputBase-input-MuiOutlinedInput-input"
              id="Sorting-select"
              onBlur={[Function]}
              onFocus={[Function]}
              onKeyDown={[Function]}
              onMouseDown={[Function]}
              role="combobox"
              tabIndex={0}
            >
              Relevance
            </div>
            <input
              aria-hidden={true}
              aria-invalid={false}
              className="MuiSelect-nativeInput css-yf8vq0-MuiSelect-nativeInput"
              onAnimationStart={[Function]}
              onChange={[Function]}
              tabIndex={-1}
              value="relevance"
            />
            <svg
              aria-hidden={true}
              className="MuiSvgIcon-root MuiSvgIcon-fontSizeMedium MuiSelect-icon MuiSelect-iconOutlined css-hfutr2-MuiSvgIcon-root-MuiSelect-icon"
              data-testid="ArrowDropDownIcon"
              focusable="false"
              viewBox="0 0 24 24"
            >
              <path
                d="M7 10l5 5 5-5z"
              />
            </svg>
            <fieldset
              aria-hidden={true}
              className="MuiOutlinedInput-notchedOutline css-1d3z3hw-MuiOutlinedInput-notchedOutline"
            >
              <legend
                className="css-ihdtdm"
              >
                <span
                  className="notranslate"
                >
                  â€‹
                </span>
              </legend>
            </fieldset>
          </div>
        </div>
      </div>
    </div>
  </div>
  <div
    className="sc-fmKFGs cjIExz"
  />
</div>
`;
