// Jest Snapshot v1, https://goo.gl/fbAQLP

exports[`Search component renders correctly with default props 1`] = `
<div
  className="sc-beySPh iALRzn"
>
  <div
    className="MuiFormControl-root MuiFormControl-fullWidth MuiTextField-root sc-guDLey kGuVKR css-wb57ya-MuiFormControl-root-MuiTextField-root"
    onKeyDown={[MockFunction]}
  >
    <div
      className="MuiInputBase-root MuiOutlinedInput-root MuiInputBase-colorPrimary MuiInputBase-fullWidth MuiInputBase-formControl MuiInputBase-sizeSmall css-md26zr-MuiInputBase-root-MuiOutlinedInput-root"
      onClick={[Function]}
    >
      <input
        aria-invalid={false}
        autoFocus={false}
        className="MuiInputBase-input MuiOutlinedInput-input MuiInputBase-inputSizeSmall css-1n4twyu-MuiInputBase-input-MuiOutlinedInput-input"
        disabled={false}
        id=":r0:"
        onAnimationStart={[Function]}
        onBlur={[Function]}
        onChange={[Function]}
        onFocus={[Function]}
        placeholder="Enter the book name..."
        required={false}
        type="text"
      />
      <fieldset
        aria-hidden={true}
        className="MuiOutlinedInput-notchedOutline css-1d3z3hw-MuiOutlinedInput-notchedOutline"
      >
        <legend
          className="css-ihdtdm"
        >
          <span
            className="notranslate"
          >
            â€‹
          </span>
        </legend>
      </fieldset>
    </div>
  </div>
  <button
    className="MuiButtonBase-root MuiButton-root MuiButton-contained MuiButton-containedPrimary MuiButton-sizeMedium MuiButton-containedSizeMedium MuiButton-root MuiButton-contained MuiButton-containedPrimary MuiButton-sizeMedium MuiButton-containedSizeMedium sc-dmyCSP gYqyuN css-sghohy-MuiButtonBase-root-MuiButton-root"
    disabled={false}
    onBlur={[Function]}
    onClick={[MockFunction]}
    onContextMenu={[Function]}
    onDragLeave={[Function]}
    onFocus={[Function]}
    onKeyDown={[Function]}
    onKeyUp={[Function]}
    onMouseDown={[Function]}
    onMouseLeave={[Function]}
    onMouseUp={[Function]}
    onTouchEnd={[Function]}
    onTouchMove={[Function]}
    onTouchStart={[Function]}
    tabIndex={0}
    type="button"
  >
    Search
  </button>
</div>
`;
