// Jest Snapshot v1, https://goo.gl/fbAQLP

exports[`Book Catalog component renders correctly with children 1`] = `
<div
  className="sc-beySPh eQAjHc"
>
  <div
    className="test"
  />
</div>
`;
